// Jest Snapshot v1, https://goo.gl/fbAQLP

exports[`Testes no componente <AddCategory/> Deve mostrar a categoria corretamente 1`] = `
<form
  onSubmit={[Function]}
>
  <p />
  <input
    onChange={[Function]}
    type="text"
    value=""
  />
</form>
`;
